[demo.tailadmin.com/index.html]
[backblue.gif]
[fade.gif]
[index.html]
[demo.tailadmin.com/favicon.ico]
[demo.tailadmin.com/style.css]
[demo.tailadmin.com/src/images/logo/logo.svg]
[demo.tailadmin.com/analytics.html]
[demo.tailadmin.com/marketing.html]
[demo.tailadmin.com/crm.html]
[demo.tailadmin.com/stocks.html]
[demo.tailadmin.com/calendar.html]
[demo.tailadmin.com/profile.html]
[demo.tailadmin.com/task-list.html]
[demo.tailadmin.com/task-kanban.html]
[demo.tailadmin.com/form-elements.html]
[demo.tailadmin.com/pro-form-elements.html]
[demo.tailadmin.com/form-layout.html]
[demo.tailadmin.com/pro-form-layout.html]
[demo.tailadmin.com/tables.html]
[demo.tailadmin.com/pro-tables.html]
[demo.tailadmin.com/settings.html]
[demo.tailadmin.com/file-manager.html]
[demo.tailadmin.com/data-tables.html]
[demo.tailadmin.com/pricing-tables.html]
[demo.tailadmin.com/error-page.html]
[demo.tailadmin.com/faq.html]
[demo.tailadmin.com/team.html]
[demo.tailadmin.com/terms-conditions.html]
[demo.tailadmin.com/mail-success.html]
[demo.tailadmin.com/messages.html]
[demo.tailadmin.com/inbox.html]
[demo.tailadmin.com/invoice.html]
[demo.tailadmin.com/basic-chart.html]
[demo.tailadmin.com/advanced-chart.html]
[demo.tailadmin.com/accordion.html]
[demo.tailadmin.com/alerts.html]
[demo.tailadmin.com/avatars.html]
[demo.tailadmin.com/badge.html]
[demo.tailadmin.com/breadcrumb.html]
[demo.tailadmin.com/buttons.html]
[demo.tailadmin.com/buttons-group.html]
[demo.tailadmin.com/cards.html]
[demo.tailadmin.com/carousel.html]
[demo.tailadmin.com/dropdowns.html]
[demo.tailadmin.com/images.html]
[demo.tailadmin.com/list.html]
[demo.tailadmin.com/modals.html]
[demo.tailadmin.com/notifications.html]
[demo.tailadmin.com/pagination.html]
[demo.tailadmin.com/popovers.html]
[demo.tailadmin.com/progress.html]
[demo.tailadmin.com/spinners.html]
[demo.tailadmin.com/tabs.html]
[demo.tailadmin.com/tooltips.html]
[demo.tailadmin.com/videos.html]
[demo.tailadmin.com/signin.html]
[demo.tailadmin.com/signup.html]
[demo.tailadmin.com/reset-password.html]
[demo.tailadmin.com/coming-soon.html]
[demo.tailadmin.com/two-step-verification.html]
[demo.tailadmin.com/under-maintenance.html]
[demo.tailadmin.com/src/images/logo/logo-icon.svg]
[demo.tailadmin.com/src/images/user/user-02.png]
[demo.tailadmin.com/src/images/user/user-01.png]
[demo.tailadmin.com/src/images/user/user-03.png]
[demo.tailadmin.com/src/images/user/user-04.png]
[demo.tailadmin.com/src/images/brand/brand-01.svg]
[demo.tailadmin.com/src/images/brand/brand-02.svg]
[demo.tailadmin.com/src/images/brand/brand-03.svg]
[demo.tailadmin.com/src/images/brand/brand-04.svg]
[demo.tailadmin.com/src/images/brand/brand-05.svg]
[demo.tailadmin.com/src/images/user/user-05.png]
[demo.tailadmin.com/index.html]
[demo.tailadmin.com/src/fonts/Satoshi-Light.woff2]
[demo.tailadmin.com/bundle.js]
[demo.tailadmin.com/src/fonts/Satoshi-Light.woff]
[demo.tailadmin.com/src/fonts/Satoshi-Light.ttf]
[demo.tailadmin.com/src/fonts/Satoshi-LightItalic.woff2]
[demo.tailadmin.com/src/fonts/Satoshi-LightItalic.woff]
[demo.tailadmin.com/src/fonts/Satoshi-LightItalic.ttf]
[demo.tailadmin.com/src/fonts/Satoshi-Regular.woff2]
[demo.tailadmin.com/src/fonts/Satoshi-Regular.woff]
[demo.tailadmin.com/src/fonts/Satoshi-Regular.ttf]
[demo.tailadmin.com/src/fonts/Satoshi-Italic.woff2]
[demo.tailadmin.com/src/fonts/Satoshi-Italic.woff]
[demo.tailadmin.com/src/fonts/Satoshi-Italic.ttf]
[demo.tailadmin.com/src/fonts/Satoshi-Medium.woff2]
[demo.tailadmin.com/src/fonts/Satoshi-Medium.woff]
[demo.tailadmin.com/src/fonts/Satoshi-Medium.ttf]
[demo.tailadmin.com/src/fonts/Satoshi-MediumItalic.woff2]
[demo.tailadmin.com/src/fonts/Satoshi-MediumItalic.woff]
[demo.tailadmin.com/src/fonts/Satoshi-MediumItalic.ttf]
[demo.tailadmin.com/src/fonts/Satoshi-Bold.woff2]
[demo.tailadmin.com/src/fonts/Satoshi-Bold.woff]
[demo.tailadmin.com/src/fonts/Satoshi-Bold.ttf]
[demo.tailadmin.com/src/fonts/Satoshi-BoldItalic.woff2]
[demo.tailadmin.com/src/fonts/Satoshi-BoldItalic.woff]
[demo.tailadmin.com/src/fonts/Satoshi-BoldItalic.ttf]
[demo.tailadmin.com/src/fonts/Satoshi-Black.woff2]
[demo.tailadmin.com/src/fonts/Satoshi-Black.woff]
[demo.tailadmin.com/src/fonts/Satoshi-Black.ttf]
[demo.tailadmin.com/src/fonts/Satoshi-BlackItalic.woff2]
[demo.tailadmin.com/src/fonts/Satoshi-BlackItalic.woff]
[demo.tailadmin.com/src/fonts/Satoshi-BlackItalic.ttf]
[demo.tailadmin.com/src/images/icon/icon-calendar.svg]
[demo.tailadmin.com/style.css]
[demo.tailadmin.com/cdn-cgi/zaraz/sd0d9.js]
[demo.tailadmin.com/src/images/logo/logo.svg]
[demo.tailadmin.com/src/images/icon/icon-arrow-down.svg]
[demo.tailadmin.com/src/images/country/country-01.svg]
[demo.tailadmin.com/src/images/country/country-02.svg]
[demo.tailadmin.com/src/images/country/country-03.svg]
[demo.tailadmin.com/src/images/country/country-04.svg]
[demo.tailadmin.com/src/images/country/country-05.svg]
[demo.tailadmin.com/src/images/country/country-06.svg]
[demo.tailadmin.com/src/images/product/product-01.png]
[demo.tailadmin.com/src/images/product/product-02.png]
[demo.tailadmin.com/src/images/product/product-03.png]
[demo.tailadmin.com/src/images/product/product-04.png]
[demo.tailadmin.com/analytics.html]
[demo.tailadmin.com/src/images/brand/brand-06.svg]
[demo.tailadmin.com/src/images/user/user-14.png]
[demo.tailadmin.com/src/images/user/user-15.png]
[demo.tailadmin.com/src/images/user/user-16.png]
[demo.tailadmin.com/marketing.html]
[demo.tailadmin.com/src/images/user/user-17.png]
[demo.tailadmin.com/cdn-cgi/l/email-protection.html]
[demo.tailadmin.com/src/images/user/user-18.png]
[demo.tailadmin.com/src/images/user/user-19.png]
[demo.tailadmin.com/src/images/user/user-20.png]
[demo.tailadmin.com/src/images/user/user-21.png]
[demo.tailadmin.com/crm.html]
[demo.tailadmin.com/cdn-cgi/scripts/5c5dd728/cloudflare-static/email-decode.min.js]
[demo.tailadmin.com/src/images/brand/brand-07.svg]
[demo.tailadmin.com/src/images/brand/brand-08.svg]
[demo.tailadmin.com/src/images/brand/brand-09.svg]
[demo.tailadmin.com/src/images/brand/brand-10.svg]
[demo.tailadmin.com/src/images/brand/brand-11.svg]
[demo.tailadmin.com/src/images/brand/brand-12.svg]
[demo.tailadmin.com/src/images/brand/brand-13.svg]
[demo.tailadmin.com/src/images/brand/brand-14.svg]
[demo.tailadmin.com/src/images/brand/brand-15.svg]
[demo.tailadmin.com/src/images/brand/brand-16.svg]
[demo.tailadmin.com/src/images/brand/brand-17.svg]
[demo.tailadmin.com/src/images/brand/brand-18.svg]
[demo.tailadmin.com/src/images/brand/brand-19.svg]
[demo.tailadmin.com/stocks.html]
[demo.tailadmin.com/src/images/brand/brand-20.svg]
[demo.tailadmin.com/calendar.html]
[demo.tailadmin.com/src/images/cover/cover-01.png]
[demo.tailadmin.com/src/images/user/user-06.png]
[demo.tailadmin.com/profile.html]
[demo.tailadmin.com/src/images/user/user-07.png]
[demo.tailadmin.com/src/images/user/user-08.png]
[demo.tailadmin.com/src/images/user/user-09.png]
[demo.tailadmin.com/src/images/user/user-10.png]
[demo.tailadmin.com/task-list.html]
[demo.tailadmin.com/src/images/task/task-01.jpg]
[demo.tailadmin.com/task-kanban.html]
[demo.tailadmin.com/form-elements.html]
[demo.tailadmin.com/pro-form-elements.html]
[demo.tailadmin.com/form-layout.html]
[demo.tailadmin.com/pro-form-layout.html]
[demo.tailadmin.com/tables.html]
[demo.tailadmin.com/pro-tables.html]
[demo.tailadmin.com/settings.html]
[demo.tailadmin.com/file-manager.html]
[demo.tailadmin.com/data-tables.html]
[demo.tailadmin.com/pricing-tables.html]
[demo.tailadmin.com/src/images/illustration/illustration-01.svg]
[demo.tailadmin.com/error-page.html]
[demo.tailadmin.com/faq.html]
[demo.tailadmin.com/src/images/team/team-01.png]
[demo.tailadmin.com/src/images/team/team-02.png]
[demo.tailadmin.com/src/images/team/team-03.png]
[demo.tailadmin.com/src/images/team/team-04.png]
[demo.tailadmin.com/src/images/team/team-05.png]
[demo.tailadmin.com/src/images/team/team-06.png]
[demo.tailadmin.com/src/images/team/team-07.png]
[demo.tailadmin.com/src/images/team/team-08.png]
[demo.tailadmin.com/team.html]
[demo.tailadmin.com/terms-conditions.html]
[demo.tailadmin.com/mail-success.html]
[demo.tailadmin.com/messages.html]
[demo.tailadmin.com/inbox.html]
[demo.tailadmin.com/src/images/illustration/illustration-02.svg]
[demo.tailadmin.com/src/images/product/product-thumb.png]
[demo.tailadmin.com/invoice.html]
[demo.tailadmin.com/basic-chart.html]
[demo.tailadmin.com/advanced-chart.html]
[demo.tailadmin.com/accordion.html]
[demo.tailadmin.com/alerts.html]
[demo.tailadmin.com/avatars.html]
[demo.tailadmin.com/badge.html]
[demo.tailadmin.com/breadcrumb.html]
[demo.tailadmin.com/buttons.html]
[demo.tailadmin.com/buttons-group.html]
[demo.tailadmin.com/src/images/user/user-11.png]
[demo.tailadmin.com/src/images/cards/cards-01.png]
[demo.tailadmin.com/src/images/user/user-12.png]
[demo.tailadmin.com/src/images/cards/cards-02.png]
[demo.tailadmin.com/src/images/user/user-13.png]
[demo.tailadmin.com/src/images/cards/cards-03.png]
[demo.tailadmin.com/src/images/cards/cards-04.png]
[demo.tailadmin.com/src/images/cards/cards-05.png]
[demo.tailadmin.com/src/images/cards/cards-06.png]
[demo.tailadmin.com/cards.html]
[demo.tailadmin.com/src/images/carousel/carousel-01.jpg]
[demo.tailadmin.com/src/images/carousel/carousel-02.jpg]
[demo.tailadmin.com/src/images/carousel/carousel-03.jpg]
[demo.tailadmin.com/carousel.html]
[demo.tailadmin.com/dropdowns.html]
[demo.tailadmin.com/src/images/cover/cover-02.jpg]
[demo.tailadmin.com/src/images/cover/cover-03.jpg]
[demo.tailadmin.com/src/images/cover/cover-04.jpg]
[demo.tailadmin.com/src/images/cover/cover-05.jpg]
[demo.tailadmin.com/images.html]
[demo.tailadmin.com/list.html]
[demo.tailadmin.com/modals.html]
[demo.tailadmin.com/src/images/user/user-22.png]
[demo.tailadmin.com/src/images/user/user-23.png]
[demo.tailadmin.com/src/images/user/user-24.png]
[demo.tailadmin.com/src/images/user/user-25.png]
[demo.tailadmin.com/notifications.html]
[demo.tailadmin.com/pagination.html]
[demo.tailadmin.com/popovers.html]
[demo.tailadmin.com/progress.html]
[demo.tailadmin.com/spinners.html]
[demo.tailadmin.com/tabs.html]
[demo.tailadmin.com/tooltips.html]
[demo.tailadmin.com/videos.html]
[demo.tailadmin.com/src/images/logo/logo-dark.svg]
[demo.tailadmin.com/signin.html]
[demo.tailadmin.com/signup.html]
[demo.tailadmin.com/reset-password.html]
[demo.tailadmin.com/coming-soon.html]
[demo.tailadmin.com/two-step-verification.html]
[demo.tailadmin.com/src/images/illustration/illustration-03.svg]
[demo.tailadmin.com/under-maintenance.html]
[demo.tailadmin.com/src/images/logo/logo-icon.svg]
[demo.tailadmin.com/src/images/brand/brand-01.svg]
[demo.tailadmin.com/src/images/brand/brand-02.svg]
[demo.tailadmin.com/src/images/brand/brand-03.svg]
[demo.tailadmin.com/src/images/brand/brand-04.svg]
[demo.tailadmin.com/src/images/brand/brand-05.svg]
[demo.tailadmin.com/src/images/icon/icon-calendar.svg]
[demo.tailadmin.com/src/images/icon/icon-arrow-down.svg]
[demo.tailadmin.com/src/images/country/country-01.svg]
[demo.tailadmin.com/src/images/country/country-02.svg]
[demo.tailadmin.com/src/images/country/country-03.svg]
[demo.tailadmin.com/src/images/country/country-04.svg]
[demo.tailadmin.com/src/images/country/country-05.svg]
[demo.tailadmin.com/src/images/country/country-06.svg]
[demo.tailadmin.com/src/images/brand/brand-06.svg]
[demo.tailadmin.com/cdn-cgi/l/email-protection.html]
[demo.tailadmin.com/src/images/brand/brand-07.svg]
[demo.tailadmin.com/src/images/brand/brand-08.svg]
[demo.tailadmin.com/src/images/brand/brand-09.svg]
[demo.tailadmin.com/src/images/brand/brand-10.svg]
[demo.tailadmin.com/src/images/brand/brand-11.svg]
[demo.tailadmin.com/src/images/brand/brand-12.svg]
[demo.tailadmin.com/src/images/brand/brand-13.svg]
[demo.tailadmin.com/src/images/brand/brand-14.svg]
[demo.tailadmin.com/src/images/brand/brand-15.svg]
[demo.tailadmin.com/src/images/brand/brand-16.svg]
[demo.tailadmin.com/src/images/brand/brand-17.svg]
[demo.tailadmin.com/src/images/brand/brand-18.svg]
[demo.tailadmin.com/src/images/brand/brand-19.svg]
[demo.tailadmin.com/src/images/brand/brand-20.svg]
[demo.tailadmin.com/src/images/illustration/illustration-01.svg]
[demo.tailadmin.com/src/images/illustration/illustration-02.svg]
[demo.tailadmin.com/src/images/logo/logo-dark.svg]
[demo.tailadmin.com/src/images/illustration/illustration-03.svg]
[demo.tailadmin.com/src/images/illustration/illustration-04.svg]
[demo.tailadmin.com/src/images/illustration/illustration-04.svg]
